From https://github.com/anabautista18/SEMILLERO
 * branch            main       -> FETCH_HEAD
   41df201..538df0e  main       -> origin/main
[2026-05-26 15:45:08] Cambios detectados (41df20145e53515e3e847cb036a5df5047ed9f8a -> 538df0e9aefcf25f78ed75ac621e99b92121ba00). Desplegando...
From https://github.com/anabautista18/SEMILLERO
 * branch            main       -> FETCH_HEAD
Updating 41df201..538df0e
Fast-forward
 README.md | 2 +-
 1 file changed, 1 insertion(+), 1 deletion(-)
[2026-05-26 15:45:09] git pull OK
Removing ccbcfdf8e9f2_semillero_semillero_1 ... 
Removing ccbcfdf8e9f2_semillero_semillero_1 ... done
Removing network semillero_default
Building semillero
#0 building with "default" instance using docker driver

#1 [internal] load build definition from Dockerfile
#1 transferring dockerfile: 545B done
#1 DONE 0.0s

#2 [internal] load metadata for docker.io/library/node:20-alpine
#2 DONE 0.0s

#3 [internal] load .dockerignore
#3 transferring context: 150B done
#3 DONE 0.0s

#4 [builder 1/7] FROM docker.io/library/node:20-alpine
#4 DONE 0.0s

#5 [builder 2/7] WORKDIR /app
#5 CACHED

#6 [internal] load build context
#6 transferring context: 7.78kB done
#6 DONE 0.0s

#7 [builder 3/7] COPY package*.json ./
#7 DONE 0.1s

#8 [builder 4/7] COPY server/package*.json ./server/
#8 DONE 0.1s

#9 [builder 5/7] RUN npm ci
From https://github.com/anabautista18/SEMILLERO
 * branch            main       -> FETCH_HEAD
[2026-05-26 15:55:25] Sin cambios. (commit: 538df0e9)
From https://github.com/anabautista18/SEMILLERO
 * branch            main       -> FETCH_HEAD
[2026-05-26 15:59:35] Cambios detectados (538df0e9aefcf25f78ed75ac621e99b92121ba00 -> 09e80430b02a5cffadca9301117a9fb927d889da). Desplegando...
[2026-05-26 15:59:35] Cambios detectados (538df0e9aefcf25f78ed75ac621e99b92121ba00 -> 09e80430b02a5cffadca9301117a9fb927d889da). Desplegando...
From https://github.com/anabautista18/SEMILLERO
 * branch            main       -> FETCH_HEAD
error: Your local changes to the following files would be overwritten by merge:
	src/components/Footer.jsx
Please commit your changes or stash them before you merge.
Aborting
Updating 538df0e..09e8043
[2026-05-26 15:59:35] ERROR en git pull
[2026-05-26 15:59:35] ERROR en git pull
From https://github.com/anabautista18/SEMILLERO
 * branch            main       -> FETCH_HEAD
[2026-05-26 15:59:51] Cambios detectados (538df0e9aefcf25f78ed75ac621e99b92121ba00 -> 09e80430b02a5cffadca9301117a9fb927d889da). Desplegando...
[2026-05-26 15:59:51] Cambios detectados (538df0e9aefcf25f78ed75ac621e99b92121ba00 -> 09e80430b02a5cffadca9301117a9fb927d889da). Desplegando...
Saved working directory and index state WIP on main: 538df0e test: verify GitHub Actions deploy
From https://github.com/anabautista18/SEMILLERO
 * branch            main       -> FETCH_HEAD
Updating 538df0e..09e8043
Fast-forward
 src/components/Footer.jsx | 2 +-
 1 file changed, 1 insertion(+), 1 deletion(-)
[2026-05-26 15:59:51] git pull OK
[2026-05-26 15:59:51] git pull OK
semillero_app
semillero_app
Removing network semillero_default
Network semillero_default not found.
Building semillero
#0 building with "default" instance using docker driver

#1 [builder 1/7] FROM docker.io/library/node:20-alpine
#1 DONE 0.0s

#2 [builder 2/7] WORKDIR /app
#2 CACHED

#3 [internal] load build definition from Dockerfile
#3 transferring dockerfile: 545B done
#3 DONE 0.0s

#4 [internal] load metadata for docker.io/library/node:20-alpine
#4 DONE 0.0s

#5 [internal] load .dockerignore
#5 transferring context: 150B done
#5 DONE 0.0s

#6 [internal] load build context
#6 transferring context: 36.25MB 0.2s done
#6 DONE 0.3s

#7 [builder 3/7] COPY package*.json ./
#7 DONE 0.1s

#8 [builder 4/7] COPY server/package*.json ./server/
#8 DONE 0.1s

#9 [builder 5/7] RUN npm ci
#9 961.3 
#9 961.3 added 66 packages, and audited 67 packages in 16m
#9 961.3 
#9 961.3 added 66 packages, and audited 67 packages in 16m
#9 961.3 
#9 961.3 8 packages are looking for funding
#9 961.3   run `npm fund` for details
#9 961.3 
#9 961.3 2 moderate severity vulnerabilities
#9 961.3 
#9 961.3 To address all issues (including breaking changes), run:
#9 961.3   npm audit fix --force
#9 961.3 
#9 961.3 Run `npm audit` for details.
#9 961.3 npm notice
#9 961.3 npm notice New major version of npm available! 10.8.2 -> 11.15.0
#9 961.3 npm notice Changelog: https://github.com/npm/cli/releases/tag/v11.15.0
#9 961.3 npm notice To update run: npm install -g npm@11.15.0
#9 961.3 npm notice
#9 961.3 
#9 961.3 8 packages are looking for funding
#9 961.3   run `npm fund` for details
#9 961.3 
#9 961.3 2 moderate severity vulnerabilities
#9 961.3 
#9 961.3 To address all issues (including breaking changes), run:
#9 961.3   npm audit fix --force
#9 961.3 
#9 961.3 Run `npm audit` for details.
#9 961.3 npm notice
#9 961.3 npm notice New major version of npm available! 10.8.2 -> 11.15.0
#9 961.3 npm notice Changelog: https://github.com/npm/cli/releases/tag/v11.15.0
#9 961.3 npm notice To update run: npm install -g npm@11.15.0
#9 961.3 npm notice
#9 DONE 961.4s
#9 DONE 961.4s

#10 [builder 3/7] COPY package*.json ./
#10 CACHED

#11 [builder 4/7] COPY server/package*.json ./server/
#11 CACHED

#12 [builder 5/7] RUN npm ci
#12 CACHED

#13 [builder 6/7] COPY . .

#10 [builder 6/7] COPY . .
#13 DONE 0.2s

#14 [builder 7/7] RUN npm run build
#10 DONE 0.2s

#11 [builder 7/7] RUN npm run build
#14 0.943 
#14 0.943 > semillero-4.0@1.0.0 build
#14 0.943 > vite build
#14 0.943 
#11 0.942 
#11 0.942 > semillero-4.0@1.0.0 build
#11 0.942 > vite build
#11 0.942 
#11 1.364 vite v4.5.14 building for production...
#14 1.372 vite v4.5.14 building for production...
#11 1.405 transforming...
#14 1.410 transforming...
#14 5.539 ✓ 54 modules transformed.
#11 5.581 ✓ 54 modules transformed.
#14 5.816 rendering chunks...
#11 5.891 rendering chunks...
#14 6.100 computing gzip size...
#11 6.154 computing gzip size...
#14 6.124 dist/index.html                                     0.69 kB │ gzip:   0.44 kB
#14 6.124 dist/assets/CARLOSMARIO-d14686c2.jpg            1,187.45 kB
#14 6.124 dist/assets/Estefanía Martínez-4055318d.jpg     1,262.27 kB
#14 6.124 dist/assets/Miguel_Agudelo2-f60a6d50.jpg        1,278.24 kB
#14 6.125 dist/assets/Estefanía Martínez2-ef3d37cb.jpg    1,286.73 kB
#14 6.125 dist/assets/CARLOSMARIO2-6f5c1bad.jpg           1,381.38 kB
#14 6.125 dist/assets/Katherine Mora-a93d79cf.jpg         1,389.41 kB
#14 6.125 dist/assets/María_José_Gutierrez-f472a863.jpg   1,433.96 kB
#14 6.125 dist/assets/Maria_Jose_Gutierrez2-7fe8be8e.jpg  1,442.95 kB
#14 6.125 dist/assets/MARIAFERNANDAGIRALDO2-da30cf92.jpg  1,444.86 kB
#14 6.125 dist/assets/MARIAFERNANDAGIRALDO-c8e1574f.jpg   1,452.00 kB
#14 6.125 dist/assets/Katherine Mora2-32cdcc78.jpg        1,462.91 kB
#14 6.125 dist/assets/FELIPERODRIGUEZ2-105d2cb0.jpg       1,481.60 kB
#14 6.125 dist/assets/Miguel_Agudelo-815ce904.jpg         1,522.24 kB
#14 6.126 dist/assets/Alejandro Ortegon-33f7c3d4.jpg      1,528.69 kB
#14 6.126 dist/assets/Felipe Rodriguez-0c8c2bc2.jpg       1,546.23 kB
#14 6.126 dist/assets/Delio Palacios-adf6905c.jpg         1,599.51 kB
#14 6.126 dist/assets/Delio Palacios2-67aefe45.jpg        1,608.28 kB
#14 6.126 dist/assets/Alejandro Ortegon2-625f5bd0.jpg     1,683.87 kB
#14 6.126 dist/assets/ANABAUTISTA2-4806d03d.jpg           2,014.85 kB
#14 6.126 dist/assets/ANABAUTISTA-cd98a1a0.jpg            2,845.21 kB
#14 6.126 dist/assets/fotogrupal-4b662cc7.jpg             5,164.52 kB
#14 6.126 dist/assets/index-0a57b12c.css                      2.88 kB │ gzip:   0.99 kB
#14 6.126 dist/assets/Admin-660328a2.js                      11.35 kB │ gzip:   2.51 kB
#14 6.126 dist/assets/index-7129f2b0.js                     644.50 kB │ gzip: 175.24 kB
#14 6.126 
#14 6.126 (!) Some chunks are larger than 500 kBs after minification. Consider:
#14 6.126 - Using dynamic import() to code-split the application
#14 6.126 - Use build.rollupOptions.output.manualChunks to improve chunking: https://rollupjs.org/configuration-options/#output-manualchunks
#14 6.126 - Adjust chunk size limit for this warning via build.chunkSizeWarningLimit.
#14 6.127 ✓ built in 4.75s
#11 6.188 dist/index.html                                     0.70 kB │ gzip:   0.45 kB
#11 6.188 dist/assets/CARLOSMARIO-d14686c2.jpg            1,187.45 kB
#11 6.188 dist/assets/Estefanía Martínez-4055318d.jpg     1,262.27 kB
#11 6.188 dist/assets/Miguel_Agudelo2-f60a6d50.jpg        1,278.24 kB
#11 6.188 dist/assets/Estefanía Martínez2-ef3d37cb.jpg    1,286.73 kB
#11 6.188 dist/assets/CARLOSMARIO2-6f5c1bad.jpg           1,381.38 kB
#11 6.188 dist/assets/Katherine Mora-a93d79cf.jpg         1,389.41 kB
#11 6.188 dist/assets/María_José_Gutierrez-f472a863.jpg   1,433.96 kB
#11 6.188 dist/assets/Maria_Jose_Gutierrez2-7fe8be8e.jpg  1,442.95 kB
#11 6.188 dist/assets/MARIAFERNANDAGIRALDO2-da30cf92.jpg  1,444.86 kB
#11 6.188 dist/assets/MARIAFERNANDAGIRALDO-c8e1574f.jpg   1,452.00 kB
#11 6.189 dist/assets/Katherine Mora2-32cdcc78.jpg        1,462.91 kB
#11 6.189 dist/assets/FELIPERODRIGUEZ2-105d2cb0.jpg       1,481.60 kB
#11 6.189 dist/assets/Miguel_Agudelo-815ce904.jpg         1,522.24 kB
#11 6.189 dist/assets/Alejandro Ortegon-33f7c3d4.jpg      1,528.69 kB
#11 6.189 dist/assets/Felipe Rodriguez-0c8c2bc2.jpg       1,546.23 kB
#11 6.189 dist/assets/Delio Palacios-adf6905c.jpg         1,599.51 kB
#11 6.189 dist/assets/Delio Palacios2-67aefe45.jpg        1,608.28 kB
#11 6.189 dist/assets/Alejandro Ortegon2-625f5bd0.jpg     1,683.87 kB
#11 6.189 dist/assets/ANABAUTISTA2-4806d03d.jpg           2,014.85 kB
#11 6.189 dist/assets/ANABAUTISTA-cd98a1a0.jpg            2,845.21 kB
#11 6.189 dist/assets/fotogrupal-4b662cc7.jpg             5,164.52 kB
#11 6.189 dist/assets/index-0a57b12c.css                      2.88 kB │ gzip:   0.99 kB
#11 6.189 dist/assets/Admin-c57d695c.js                      11.39 kB │ gzip:   2.53 kB
#11 6.189 dist/assets/index-ef4b9a78.js                     644.69 kB │ gzip: 175.27 kB
#11 6.189 
#11 6.189 (!) Some chunks are larger than 500 kBs after minification. Consider:
#11 6.189 - Using dynamic import() to code-split the application
#11 6.189 - Use build.rollupOptions.output.manualChunks to improve chunking: https://rollupjs.org/configuration-options/#output-manualchunks
#11 6.189 - Adjust chunk size limit for this warning via build.chunkSizeWarningLimit.
#11 6.190 ✓ built in 4.82s
#11 DONE 6.3s
#14 DONE 6.3s

#12 [runtime 3/7] COPY --from=builder /app/dist ./dist
#12 DONE 0.1s

#15 [runtime 3/7] COPY --from=builder /app/dist ./dist
#15 DONE 0.1s

#13 [runtime 4/7] COPY --from=builder /app/server ./server
#13 DONE 0.1s

#14 [runtime 5/7] COPY --from=builder /app/server/package*.json ./server/
#14 DONE 0.1s

#15 [runtime 6/7] WORKDIR /app/server

#16 [runtime 4/7] COPY --from=builder /app/server ./server
#16 DONE 0.1s

#17 [runtime 5/7] COPY --from=builder /app/server/package*.json ./server/
#15 DONE 0.1s

#16 [runtime 7/7] RUN npm ci --only=production
#17 DONE 0.1s

#18 [runtime 6/7] WORKDIR /app/server
#18 DONE 0.1s

#19 [runtime 7/7] RUN npm ci --only=production
#19 0.717 npm warn config only Use `--omit=dev` to omit dev dependencies from the install.
#16 0.744 npm warn config only Use `--omit=dev` to omit dev dependencies from the install.
#16 2.513 npm warn deprecated tar@6.2.1: Old versions of tar are not supported, and contain widely publicized security vulnerabilities, which have been fixed in the current version. Please update. Support for old versions may be purchased (at exorbitant rates) by contacting i@izs.me
#19 2.652 npm warn deprecated npmlog@5.0.1: This package is no longer supported.
#16 2.734 npm warn deprecated rimraf@3.0.2: Rimraf versions prior to v4 are no longer supported
#16 2.771 npm warn deprecated npmlog@5.0.1: This package is no longer supported.
#19 2.675 npm warn deprecated multer@1.4.5-lts.2: Multer 1.x is impacted by a number of vulnerabilities, which have been patched in 2.x. You should upgrade to the latest 2.x version.
#19 2.731 npm warn deprecated rimraf@3.0.2: Rimraf versions prior to v4 are no longer supported
#19 2.758 npm warn deprecated inflight@1.0.6: This module is not supported, and leaks memory. Do not use it. Check out lru-cache if you want a good and tested way to coalesce async requests by a key value, which is much more comprehensive and powerful.
#16 2.902 npm warn deprecated inflight@1.0.6: This module is not supported, and leaks memory. Do not use it. Check out lru-cache if you want a good and tested way to coalesce async requests by a key value, which is much more comprehensive and powerful.
#19 2.826 npm warn deprecated glob@7.2.3: Old versions of glob are not supported, and contain widely publicized security vulnerabilities, which have been fixed in the current version. Please update. Support for old versions may be purchased (at exorbitant rates) by contacting i@izs.me
#19 2.889 npm warn deprecated tar@6.2.1: Old versions of tar are not supported, and contain widely publicized security vulnerabilities, which have been fixed in the current version. Please update. Support for old versions may be purchased (at exorbitant rates) by contacting i@izs.me
#16 2.993 npm warn deprecated multer@1.4.5-lts.2: Multer 1.x is impacted by a number of vulnerabilities, which have been patched in 2.x. You should upgrade to the latest 2.x version.
#16 3.027 npm warn deprecated glob@7.2.3: Old versions of glob are not supported, and contain widely publicized security vulnerabilities, which have been fixed in the current version. Please update. Support for old versions may be purchased (at exorbitant rates) by contacting i@izs.me
#19 2.930 npm warn deprecated are-we-there-yet@2.0.0: This package is no longer supported.
#19 2.993 npm warn deprecated gauge@3.0.2: This package is no longer supported.
#16 3.039 npm warn deprecated are-we-there-yet@2.0.0: This package is no longer supported.
#16 3.061 npm warn deprecated gauge@3.0.2: This package is no longer supported.
#19 3.780 
#19 3.780 added 146 packages, and audited 147 packages in 3s
#19 3.780 
#19 3.780 21 packages are looking for funding
#19 3.780   run `npm fund` for details
#19 3.784 
#19 3.784 3 high severity vulnerabilities
#19 3.784 
#19 3.784 To address all issues (including breaking changes), run:
#19 3.784   npm audit fix --force
#19 3.784 
#19 3.784 Run `npm audit` for details.
#19 3.786 npm notice
#19 3.786 npm notice New major version of npm available! 10.8.2 -> 11.15.0
#19 3.786 npm notice Changelog: https://github.com/npm/cli/releases/tag/v11.15.0
#19 3.786 npm notice To update run: npm install -g npm@11.15.0
#19 3.786 npm notice
#19 DONE 3.9s

#20 exporting to image
#20 exporting layers
#20 exporting layers 0.3s done
#20 writing image sha256:1f0bceaddcabd8dda79c83b5beb048124f04a9898be777f06a10925ac1667608 done
#20 naming to docker.io/library/semillero_semillero done
#20 DONE 0.3s
[2026-05-26 16:01:34] build OK
[2026-05-26 16:01:34] build OK
39e040ffb3bb7bc4d2c508348f78f4c0005f5c140c6523577ae9e1a832f6c1ab
[2026-05-26 16:01:34] Despliegue completado.
[2026-05-26 16:01:34] Despliegue completado.
#16 5.824 
#16 5.824 added 146 packages, and audited 147 packages in 5s
#16 5.824 
#16 5.824 21 packages are looking for funding
#16 5.824   run `npm fund` for details
#16 5.828 
#16 5.828 3 high severity vulnerabilities
#16 5.828 
#16 5.828 To address all issues (including breaking changes), run:
#16 5.828   npm audit fix --force
#16 5.828 
#16 5.828 Run `npm audit` for details.
#16 5.829 npm notice
#16 5.829 npm notice New major version of npm available! 10.8.2 -> 11.15.0
#16 5.829 npm notice Changelog: https://github.com/npm/cli/releases/tag/v11.15.0
#16 5.829 npm notice To update run: npm install -g npm@11.15.0
#16 5.829 npm notice
#16 DONE 5.9s

#17 exporting to image
#17 exporting layers
#17 exporting layers 0.3s done
#17 writing image sha256:e3324c8be784f9883cb06c6a5e89b734d40999972dc215715903ac1777268961 done
#17 naming to docker.io/library/semillero_semillero 0.0s done
#17 DONE 0.4s
nohup: ignoring input
From https://github.com/anabautista18/SEMILLERO
 * branch            main       -> FETCH_HEAD
[2026-05-26 16:06:10] Cambios detectados (3e9f46121e074d9a0f4f72a25bea27e98e4d1298 -> 09e80430b02a5cffadca9301117a9fb927d889da). Desplegando...
[2026-05-26 16:06:10] Cambios detectados (3e9f46121e074d9a0f4f72a25bea27e98e4d1298 -> 09e80430b02a5cffadca9301117a9fb927d889da). Desplegando...
No local changes to save
From https://github.com/anabautista18/SEMILLERO
 * branch            main       -> FETCH_HEAD
Already up to date.
[2026-05-26 16:06:10] git pull OK
[2026-05-26 16:06:10] git pull OK
From https://github.com/anabautista18/SEMILLERO
 * branch            main       -> FETCH_HEAD
semillero_app
semillero_app
Removing network semillero_default
Network semillero_default not found.
Building semillero
#0 building with "default" instance using docker driver

#1 [internal] load build definition from Dockerfile
#1 transferring dockerfile: 545B done
#1 DONE 0.0s

#2 [internal] load metadata for docker.io/library/node:20-alpine
#2 DONE 0.0s

#3 [internal] load .dockerignore
#3 transferring context: 150B done
#3 DONE 0.0s

#4 [builder 1/7] FROM docker.io/library/node:20-alpine
#4 DONE 0.0s

#5 [internal] load build context
#5 transferring context: 21.81kB done
#5 DONE 0.0s

#6 [builder 2/7] WORKDIR /app
#6 CACHED

#7 [builder 3/7] COPY package*.json ./
#7 CACHED

#8 [builder 4/7] COPY server/package*.json ./server/
#8 CACHED

#9 [builder 5/7] RUN npm ci
#9 CACHED

#10 [builder 6/7] COPY . .
#10 DONE 0.2s

#11 [builder 7/7] RUN npm run build
#11 0.638 
#11 0.638 > semillero-4.0@1.0.0 build
#11 0.638 > vite build
#11 0.638 
#11 0.925 vite v4.5.14 building for production...
#11 0.962 transforming...
From https://github.com/anabautista18/SEMILLERO
 * branch            main       -> FETCH_HEAD
[2026-05-26 16:06:25] Cambios detectados (3e9f46121e074d9a0f4f72a25bea27e98e4d1298 -> 09e80430b02a5cffadca9301117a9fb927d889da). Desplegando...
No local changes to save
From https://github.com/anabautista18/SEMILLERO
 * branch            main       -> FETCH_HEAD
Already up to date.
[2026-05-26 16:06:25] git pull OK
#11 4.097 ✓ 54 modules transformed.
Removing network semillero_default
Network semillero_default not found.
#11 4.365 rendering chunks...
#11 4.655 computing gzip size...
#11 4.677 dist/index.html                                     0.70 kB │ gzip:   0.45 kB
#11 4.678 dist/assets/CARLOSMARIO-d14686c2.jpg            1,187.45 kB
#11 4.678 dist/assets/Estefanía Martínez-4055318d.jpg     1,262.27 kB
#11 4.678 dist/assets/Miguel_Agudelo2-f60a6d50.jpg        1,278.24 kB
#11 4.678 dist/assets/Estefanía Martínez2-ef3d37cb.jpg    1,286.73 kB
#11 4.678 dist/assets/CARLOSMARIO2-6f5c1bad.jpg           1,381.38 kB
#11 4.678 dist/assets/Katherine Mora-a93d79cf.jpg         1,389.41 kB
#11 4.678 dist/assets/María_José_Gutierrez-f472a863.jpg   1,433.96 kB
#11 4.679 dist/assets/Maria_Jose_Gutierrez2-7fe8be8e.jpg  1,442.95 kB
#11 4.679 dist/assets/MARIAFERNANDAGIRALDO2-da30cf92.jpg  1,444.86 kB
#11 4.679 dist/assets/MARIAFERNANDAGIRALDO-c8e1574f.jpg   1,452.00 kB
#11 4.679 dist/assets/Katherine Mora2-32cdcc78.jpg        1,462.91 kB
#11 4.679 dist/assets/FELIPERODRIGUEZ2-105d2cb0.jpg       1,481.60 kB
#11 4.679 dist/assets/Miguel_Agudelo-815ce904.jpg         1,522.24 kB
#11 4.679 dist/assets/Alejandro Ortegon-33f7c3d4.jpg      1,528.69 kB
#11 4.679 dist/assets/Felipe Rodriguez-0c8c2bc2.jpg       1,546.23 kB
#11 4.679 dist/assets/Delio Palacios-adf6905c.jpg         1,599.51 kB
#11 4.679 dist/assets/Delio Palacios2-67aefe45.jpg        1,608.28 kB
#11 4.679 dist/assets/Alejandro Ortegon2-625f5bd0.jpg     1,683.87 kB
#11 4.679 dist/assets/ANABAUTISTA2-4806d03d.jpg           2,014.85 kB
#11 4.679 dist/assets/ANABAUTISTA-cd98a1a0.jpg            2,845.21 kB
#11 4.679 dist/assets/fotogrupal-4b662cc7.jpg             5,164.52 kB
#11 4.679 dist/assets/index-0a57b12c.css                      2.88 kB │ gzip:   0.99 kB
#11 4.680 dist/assets/Admin-c57d695c.js                      11.39 kB │ gzip:   2.53 kB
#11 4.680 dist/assets/index-ef4b9a78.js                     644.69 kB │ gzip: 175.27 kB
#11 4.680 
#11 4.680 (!) Some chunks are larger than 500 kBs after minification. Consider:
#11 4.680 - Using dynamic import() to code-split the application
#11 4.680 - Use build.rollupOptions.output.manualChunks to improve chunking: https://rollupjs.org/configuration-options/#output-manualchunks
#11 4.680 - Adjust chunk size limit for this warning via build.chunkSizeWarningLimit.
#11 4.681 ✓ built in 3.75s
#11 DONE 4.8s
Building semillero

#12 [runtime 3/7] COPY --from=builder /app/dist ./dist
#12 CACHED

#13 [runtime 6/7] WORKDIR /app/server
#13 CACHED

#14 [runtime 4/7] COPY --from=builder /app/server ./server
#14 CACHED

#15 [runtime 5/7] COPY --from=builder /app/server/package*.json ./server/
#15 CACHED

#16 [runtime 7/7] RUN npm ci --only=production
#16 CACHED

#17 exporting to image
#17 exporting layers done
#17 writing image sha256:18b9e49116659f00518fec44ad6fe47711321948939dc7fdad01952d11d2f0bb done
#17 naming to docker.io/library/semillero_semillero done
#17 DONE 0.0s
#0 building with "default" instance using docker driver

#1 [builder 1/7] FROM docker.io/library/node:20-alpine
#1 DONE 0.0s

#2 [builder 5/7] RUN npm ci
#2 CACHED

#3 [internal] load build definition from Dockerfile
#3 transferring dockerfile: 545B done
#3 DONE 0.0s

#4 [internal] load metadata for docker.io/library/node:20-alpine
#4 DONE 0.0s

#5 [internal] load .dockerignore
#5 transferring context: 150B done
#5 DONE 0.0s

#6 [internal] load build context
#6 transferring context: 58.73kB done
#6 DONE 0.0s

#7 [builder 2/7] WORKDIR /app
#7 CACHED

#8 [builder 4/7] COPY server/package*.json ./server/
#8 CACHED

#9 [builder 3/7] COPY package*.json ./
#9 CACHED

#10 [builder 5/7] RUN npm ci
#10 CACHED

#11 [builder 6/7] COPY . .
[2026-05-26 16:06:27] build OK
[2026-05-26 16:06:27] build OK
#11 DONE 0.1s

#12 [builder 7/7] RUN npm run build
31f82863f167e2fdc4aa4e2b2e0266713b3713002702e044406ca3ee516bc728
[2026-05-26 16:06:28] Despliegue completado.
[2026-05-26 16:06:28] Despliegue completado.
#12 0.711 
#12 0.711 > semillero-4.0@1.0.0 build
#12 0.711 > vite build
#12 0.711 
#12 1.016 vite v4.5.14 building for production...
#12 1.057 transforming...
#12 3.869 ✓ 54 modules transformed.
#12 4.123 rendering chunks...
#12 4.408 computing gzip size...
#12 4.430 dist/index.html                                     0.70 kB │ gzip:   0.45 kB
#12 4.430 dist/assets/CARLOSMARIO-d14686c2.jpg            1,187.45 kB
#12 4.430 dist/assets/Estefanía Martínez-4055318d.jpg     1,262.27 kB
#12 4.430 dist/assets/Miguel_Agudelo2-f60a6d50.jpg        1,278.24 kB
#12 4.430 dist/assets/Estefanía Martínez2-ef3d37cb.jpg    1,286.73 kB
#12 4.430 dist/assets/CARLOSMARIO2-6f5c1bad.jpg           1,381.38 kB
#12 4.430 dist/assets/Katherine Mora-a93d79cf.jpg         1,389.41 kB
#12 4.430 dist/assets/María_José_Gutierrez-f472a863.jpg   1,433.96 kB
#12 4.430 dist/assets/Maria_Jose_Gutierrez2-7fe8be8e.jpg  1,442.95 kB
#12 4.431 dist/assets/MARIAFERNANDAGIRALDO2-da30cf92.jpg  1,444.86 kB
#12 4.431 dist/assets/MARIAFERNANDAGIRALDO-c8e1574f.jpg   1,452.00 kB
#12 4.431 dist/assets/Katherine Mora2-32cdcc78.jpg        1,462.91 kB
#12 4.431 dist/assets/FELIPERODRIGUEZ2-105d2cb0.jpg       1,481.60 kB
#12 4.431 dist/assets/Miguel_Agudelo-815ce904.jpg         1,522.24 kB
#12 4.431 dist/assets/Alejandro Ortegon-33f7c3d4.jpg      1,528.69 kB
#12 4.431 dist/assets/Felipe Rodriguez-0c8c2bc2.jpg       1,546.23 kB
#12 4.431 dist/assets/Delio Palacios-adf6905c.jpg         1,599.51 kB
#12 4.431 dist/assets/Delio Palacios2-67aefe45.jpg        1,608.28 kB
#12 4.431 dist/assets/Alejandro Ortegon2-625f5bd0.jpg     1,683.87 kB
#12 4.431 dist/assets/ANABAUTISTA2-4806d03d.jpg           2,014.85 kB
#12 4.431 dist/assets/ANABAUTISTA-cd98a1a0.jpg            2,845.21 kB
#12 4.431 dist/assets/fotogrupal-4b662cc7.jpg             5,164.52 kB
#12 4.431 dist/assets/index-0a57b12c.css                      2.88 kB │ gzip:   0.99 kB
#12 4.431 dist/assets/Admin-c57d695c.js                      11.39 kB │ gzip:   2.53 kB
#12 4.431 dist/assets/index-ef4b9a78.js                     644.69 kB │ gzip: 175.27 kB
#12 4.431 
#12 4.431 (!) Some chunks are larger than 500 kBs after minification. Consider:
#12 4.431 - Using dynamic import() to code-split the application
#12 4.431 - Use build.rollupOptions.output.manualChunks to improve chunking: https://rollupjs.org/configuration-options/#output-manualchunks
#12 4.431 - Adjust chunk size limit for this warning via build.chunkSizeWarningLimit.
#12 4.432 ✓ built in 3.42s
#12 DONE 4.6s

#13 [runtime 5/7] COPY --from=builder /app/server/package*.json ./server/
#13 CACHED

#14 [runtime 6/7] WORKDIR /app/server
#14 CACHED

#15 [runtime 4/7] COPY --from=builder /app/server ./server
#15 CACHED

#16 [runtime 3/7] COPY --from=builder /app/dist ./dist
#16 CACHED

#17 [runtime 7/7] RUN npm ci --only=production
#17 CACHED

#18 exporting to image
#18 exporting layers done
#18 writing image sha256:18b9e49116659f00518fec44ad6fe47711321948939dc7fdad01952d11d2f0bb done
#18 naming to docker.io/library/semillero_semillero done
#18 DONE 0.0s
[2026-05-26 16:06:32] build OK
ac1234262e2adcad42c04fefbd85d2f20e0c520aa963127b5f8137c59d09ba1b
[2026-05-26 16:06:43] Despliegue completado.
From https://github.com/anabautista18/SEMILLERO
 * branch            main       -> FETCH_HEAD
[2026-05-26 16:07:32] Cambios detectados (3e9f4612 -> 09e80430). Desplegando...
No local changes to save
From https://github.com/anabautista18/SEMILLERO
 * branch            main       -> FETCH_HEAD
Already up to date.
[2026-05-26 16:07:33] git pull OK
#0 building with "default" instance using docker driver

#1 [internal] load build definition from Dockerfile
#1 transferring dockerfile: 545B done
#1 DONE 0.0s

#2 [internal] load metadata for docker.io/library/node:20-alpine
#2 DONE 0.0s

#3 [internal] load .dockerignore
#3 transferring context: 150B done
#3 DONE 0.0s

#4 [builder 1/7] FROM docker.io/library/node:20-alpine
#4 DONE 0.0s

#5 [internal] load build context
#5 transferring context: 30.85kB done
#5 DONE 0.0s

#6 [builder 2/7] WORKDIR /app
#6 CACHED

#7 [builder 4/7] COPY server/package*.json ./server/
#7 CACHED

#8 [builder 3/7] COPY package*.json ./
#8 CACHED

#9 [builder 5/7] RUN npm ci
#9 CACHED

#10 [builder 6/7] COPY . .
#10 DONE 0.1s

#11 [builder 7/7] RUN npm run build
#11 0.428 
#11 0.428 > semillero-4.0@1.0.0 build
#11 0.428 > vite build
#11 0.428 
#11 0.688 vite v4.5.14 building for production...
#11 0.724 transforming...
#11 3.572 ✓ 54 modules transformed.
#11 3.836 rendering chunks...
#11 4.041 computing gzip size...
#11 4.062 dist/index.html                                     0.70 kB │ gzip:   0.45 kB
#11 4.063 dist/assets/CARLOSMARIO-d14686c2.jpg            1,187.45 kB
#11 4.063 dist/assets/Estefanía Martínez-4055318d.jpg     1,262.27 kB
#11 4.063 dist/assets/Miguel_Agudelo2-f60a6d50.jpg        1,278.24 kB
#11 4.063 dist/assets/Estefanía Martínez2-ef3d37cb.jpg    1,286.73 kB
#11 4.063 dist/assets/CARLOSMARIO2-6f5c1bad.jpg           1,381.38 kB
#11 4.063 dist/assets/Katherine Mora-a93d79cf.jpg         1,389.41 kB
#11 4.063 dist/assets/María_José_Gutierrez-f472a863.jpg   1,433.96 kB
#11 4.063 dist/assets/Maria_Jose_Gutierrez2-7fe8be8e.jpg  1,442.95 kB
#11 4.064 dist/assets/MARIAFERNANDAGIRALDO2-da30cf92.jpg  1,444.86 kB
#11 4.064 dist/assets/MARIAFERNANDAGIRALDO-c8e1574f.jpg   1,452.00 kB
#11 4.064 dist/assets/Katherine Mora2-32cdcc78.jpg        1,462.91 kB
#11 4.064 dist/assets/FELIPERODRIGUEZ2-105d2cb0.jpg       1,481.60 kB
#11 4.064 dist/assets/Miguel_Agudelo-815ce904.jpg         1,522.24 kB
#11 4.064 dist/assets/Alejandro Ortegon-33f7c3d4.jpg      1,528.69 kB
#11 4.064 dist/assets/Felipe Rodriguez-0c8c2bc2.jpg       1,546.23 kB
#11 4.064 dist/assets/Delio Palacios-adf6905c.jpg         1,599.51 kB
#11 4.064 dist/assets/Delio Palacios2-67aefe45.jpg        1,608.28 kB
#11 4.064 dist/assets/Alejandro Ortegon2-625f5bd0.jpg     1,683.87 kB
#11 4.064 dist/assets/ANABAUTISTA2-4806d03d.jpg           2,014.85 kB
#11 4.064 dist/assets/ANABAUTISTA-cd98a1a0.jpg            2,845.21 kB
#11 4.064 dist/assets/fotogrupal-4b662cc7.jpg             5,164.52 kB
#11 4.064 dist/assets/index-0a57b12c.css                      2.88 kB │ gzip:   0.99 kB
#11 4.064 dist/assets/Admin-c57d695c.js                      11.39 kB │ gzip:   2.53 kB
#11 4.064 dist/assets/index-ef4b9a78.js                     644.69 kB │ gzip: 175.27 kB
#11 4.064 ✓ built in 3.38s
#11 4.064 
#11 4.064 (!) Some chunks are larger than 500 kBs after minification. Consider:
#11 4.064 - Using dynamic import() to code-split the application
#11 4.064 - Use build.rollupOptions.output.manualChunks to improve chunking: https://rollupjs.org/configuration-options/#output-manualchunks
#11 4.064 - Adjust chunk size limit for this warning via build.chunkSizeWarningLimit.
#11 DONE 4.2s

#12 [runtime 3/7] COPY --from=builder /app/dist ./dist
#12 CACHED

#13 [runtime 4/7] COPY --from=builder /app/server ./server
#13 CACHED

#14 [runtime 5/7] COPY --from=builder /app/server/package*.json ./server/
#14 CACHED

#15 [runtime 6/7] WORKDIR /app/server
#15 CACHED

#16 [runtime 7/7] RUN npm ci --only=production
#16 CACHED

#17 exporting to image
#17 exporting layers done
#17 writing image sha256:18b9e49116659f00518fec44ad6fe47711321948939dc7fdad01952d11d2f0bb done
#17 naming to docker.io/library/semillero_semillero done
#17 DONE 0.0s
[2026-05-26 16:07:48] build OK
e7ab7559794fcf9581d794cc3c6c52f47bdddca6981370e4a4b151e90935fa2a
[2026-05-26 16:07:48] Despliegue completado.
From https://github.com/anabautista18/SEMILLERO
 * branch            main       -> FETCH_HEAD
   09e8043..9d227f5  main       -> origin/main
[2026-05-26 16:09:49] Cambios detectados (3e9f4612 -> 9d227f58). Desplegando...
No local changes to save
From https://github.com/anabautista18/SEMILLERO
 * branch            main       -> FETCH_HEAD
hint: You have divergent branches and need to specify how to reconcile them.
hint: You can do so by running one of the following commands sometime before
hint: your next pull:
hint: 
hint:   git config pull.rebase false  # merge
hint:   git config pull.rebase true   # rebase
hint:   git config pull.ff only       # fast-forward only
hint: 
hint: You can replace "git config" with "git config --global" to set a default
hint: preference for all repositories. You can also pass --rebase, --no-rebase,
hint: or --ff-only on the command line to override the configured default per
hint: invocation.
fatal: Need to specify how to reconcile divergent branches.
[2026-05-26 16:09:49] ERROR en git pull
From https://github.com/anabautista18/SEMILLERO
 * branch            main       -> FETCH_HEAD
[2026-05-26 16:11:50] Cambios detectados (3e9f4612 -> 9d227f58). Desplegando...
No local changes to save
From https://github.com/anabautista18/SEMILLERO
 * branch            main       -> FETCH_HEAD
Auto-merging src/components/Footer.jsx
Merge made by the 'ort' strategy.
 src/components/Footer.jsx | 2 +-
 1 file changed, 1 insertion(+), 1 deletion(-)
[2026-05-26 16:11:50] git pull OK
#0 building with "default" instance using docker driver

#1 [internal] load build definition from Dockerfile
#1 transferring dockerfile: 545B done
#1 DONE 0.0s

#2 [internal] load metadata for docker.io/library/node:20-alpine
#2 DONE 0.0s

#3 [internal] load .dockerignore
#3 transferring context: 150B done
#3 DONE 0.0s

#4 [builder 1/7] FROM docker.io/library/node:20-alpine
#4 DONE 0.0s

#5 [internal] load build context
#5 transferring context: 38.59kB done
#5 DONE 0.0s

#6 [builder 3/7] COPY package*.json ./
#6 CACHED

#7 [builder 4/7] COPY server/package*.json ./server/
#7 CACHED

#8 [builder 2/7] WORKDIR /app
#8 CACHED

#9 [builder 5/7] RUN npm ci
#9 CACHED

#10 [builder 6/7] COPY . .
#10 DONE 0.1s

#11 [builder 7/7] RUN npm run build
#11 0.494 
#11 0.494 > semillero-4.0@1.0.0 build
#11 0.494 > vite build
#11 0.494 
#11 0.754 vite v4.5.14 building for production...
#11 0.787 transforming...
#11 3.603 ✓ 54 modules transformed.
#11 3.843 rendering chunks...
#11 4.034 computing gzip size...
#11 4.054 dist/index.html                                     0.70 kB │ gzip:   0.44 kB
#11 4.054 dist/assets/CARLOSMARIO-d14686c2.jpg            1,187.45 kB
#11 4.055 dist/assets/Estefanía Martínez-4055318d.jpg     1,262.27 kB
#11 4.055 dist/assets/Miguel_Agudelo2-f60a6d50.jpg        1,278.24 kB
#11 4.055 dist/assets/Estefanía Martínez2-ef3d37cb.jpg    1,286.73 kB
#11 4.055 dist/assets/CARLOSMARIO2-6f5c1bad.jpg           1,381.38 kB
#11 4.055 dist/assets/Katherine Mora-a93d79cf.jpg         1,389.41 kB
#11 4.055 dist/assets/María_José_Gutierrez-f472a863.jpg   1,433.96 kB
#11 4.055 dist/assets/Maria_Jose_Gutierrez2-7fe8be8e.jpg  1,442.95 kB
#11 4.055 dist/assets/MARIAFERNANDAGIRALDO2-da30cf92.jpg  1,444.86 kB
#11 4.055 dist/assets/MARIAFERNANDAGIRALDO-c8e1574f.jpg   1,452.00 kB
#11 4.056 dist/assets/Katherine Mora2-32cdcc78.jpg        1,462.91 kB
#11 4.056 dist/assets/FELIPERODRIGUEZ2-105d2cb0.jpg       1,481.60 kB
#11 4.056 dist/assets/Miguel_Agudelo-815ce904.jpg         1,522.24 kB
#11 4.056 dist/assets/Alejandro Ortegon-33f7c3d4.jpg      1,528.69 kB
#11 4.056 dist/assets/Felipe Rodriguez-0c8c2bc2.jpg       1,546.23 kB
#11 4.056 dist/assets/Delio Palacios-adf6905c.jpg         1,599.51 kB
#11 4.056 dist/assets/Delio Palacios2-67aefe45.jpg        1,608.28 kB
#11 4.056 dist/assets/Alejandro Ortegon2-625f5bd0.jpg     1,683.87 kB
#11 4.056 dist/assets/ANABAUTISTA2-4806d03d.jpg           2,014.85 kB
#11 4.056 dist/assets/ANABAUTISTA-cd98a1a0.jpg            2,845.21 kB
#11 4.056 dist/assets/fotogrupal-4b662cc7.jpg             5,164.52 kB
#11 4.056 dist/assets/index-0a57b12c.css                      2.88 kB │ gzip:   0.99 kB
#11 4.056 dist/assets/Admin-3e0b6d76.js                      11.39 kB │ gzip:   2.53 kB
#11 4.056 dist/assets/index-2a5fc4f2.js                     644.70 kB │ gzip: 175.27 kB
#11 4.056 
#11 4.056 (!) Some chunks are larger than 500 kBs after minification. Consider:
#11 4.056 - Using dynamic import() to code-split the application
#11 4.056 - Use build.rollupOptions.output.manualChunks to improve chunking: https://rollupjs.org/configuration-options/#output-manualchunks
#11 4.056 - Adjust chunk size limit for this warning via build.chunkSizeWarningLimit.
#11 4.057 ✓ built in 3.30s
#11 DONE 4.2s

#8 [builder 2/7] WORKDIR /app
#8 CACHED

#12 [runtime 3/7] COPY --from=builder /app/dist ./dist
#12 DONE 0.1s

#13 [runtime 4/7] COPY --from=builder /app/server ./server
#13 DONE 0.1s

#14 [runtime 5/7] COPY --from=builder /app/server/package*.json ./server/
#14 DONE 0.1s

#15 [runtime 6/7] WORKDIR /app/server
#15 DONE 0.1s

#16 [runtime 7/7] RUN npm ci --only=production
#16 0.475 npm warn config only Use `--omit=dev` to omit dev dependencies from the install.
#16 1.815 npm warn deprecated rimraf@3.0.2: Rimraf versions prior to v4 are no longer supported
#16 1.841 npm warn deprecated npmlog@5.0.1: This package is no longer supported.
#16 1.923 npm warn deprecated inflight@1.0.6: This module is not supported, and leaks memory. Do not use it. Check out lru-cache if you want a good and tested way to coalesce async requests by a key value, which is much more comprehensive and powerful.
#16 2.018 npm warn deprecated multer@1.4.5-lts.2: Multer 1.x is impacted by a number of vulnerabilities, which have been patched in 2.x. You should upgrade to the latest 2.x version.
#16 2.027 npm warn deprecated glob@7.2.3: Old versions of glob are not supported, and contain widely publicized security vulnerabilities, which have been fixed in the current version. Please update. Support for old versions may be purchased (at exorbitant rates) by contacting i@izs.me
#16 2.112 npm warn deprecated are-we-there-yet@2.0.0: This package is no longer supported.
#16 2.145 npm warn deprecated gauge@3.0.2: This package is no longer supported.
#16 2.196 npm warn deprecated tar@6.2.1: Old versions of tar are not supported, and contain widely publicized security vulnerabilities, which have been fixed in the current version. Please update. Support for old versions may be purchased (at exorbitant rates) by contacting i@izs.me
#16 2.984 
#16 2.984 added 146 packages, and audited 147 packages in 3s
#16 2.984 
#16 2.984 21 packages are looking for funding
#16 2.984   run `npm fund` for details
#16 2.992 
#16 2.992 3 high severity vulnerabilities
#16 2.992 
#16 2.992 To address all issues (including breaking changes), run:
#16 2.992   npm audit fix --force
#16 2.992 
#16 2.992 Run `npm audit` for details.
#16 2.993 npm notice
#16 2.993 npm notice New major version of npm available! 10.8.2 -> 11.15.0
#16 2.993 npm notice Changelog: https://github.com/npm/cli/releases/tag/v11.15.0
#16 2.993 npm notice To update run: npm install -g npm@11.15.0
#16 2.993 npm notice
#16 DONE 3.1s

#17 exporting to image
#17 exporting layers
#17 exporting layers 0.3s done
#17 writing image sha256:07f203b5125125add414f866dc13d31b93fa5c54bdcf2cfecf6836ce390a3305 done
#17 naming to docker.io/library/semillero_semillero done
#17 DONE 0.3s
[2026-05-26 16:12:09] build OK
e6538a9a66e67ce82c24d6aa100087d62d3743e8ba8b73f62dc993ec18a8a080
[2026-05-26 16:12:09] Despliegue completado.
nohup: ignoring input
From https://github.com/anabautista18/SEMILLERO
 * branch            main       -> FETCH_HEAD
   9d227f5..59fb7c7  main       -> origin/main
[2026-05-26 16:14:41] Cambios detectados (1 commit(s) nuevos en GitHub -> 59fb7c7f). Desplegando...
No local changes to save
From https://github.com/anabautista18/SEMILLERO
 * branch            main       -> FETCH_HEAD
Merge made by the 'ort' strategy.
 src/components/Footer.jsx | 2 +-
 1 file changed, 1 insertion(+), 1 deletion(-)
[2026-05-26 16:14:42] git pull OK
nohup: ignoring input
From https://github.com/anabautista18/SEMILLERO
 * branch            main       -> FETCH_HEAD
[2026-05-26 16:14:49] Sin cambios. (commit: )
semillero_app
semillero_app
#0 building with "default" instance using docker driver

#1 [internal] load build definition from Dockerfile
#1 transferring dockerfile: 545B done
#1 DONE 0.0s

#2 [internal] load metadata for docker.io/library/node:20-alpine
#2 DONE 0.0s

#3 [internal] load .dockerignore
#3 transferring context: 150B done
#3 DONE 0.0s

#4 [builder 1/7] FROM docker.io/library/node:20-alpine
#4 DONE 0.0s

#5 [internal] load build context
#5 transferring context: 76.00kB done
#5 DONE 0.0s

#6 [builder 2/7] WORKDIR /app
#6 CACHED

#7 [builder 3/7] COPY package*.json ./
#7 CACHED

#8 [builder 4/7] COPY server/package*.json ./server/
#8 CACHED

#9 [builder 5/7] RUN npm ci
#9 CACHED

#10 [builder 6/7] COPY . .
#10 DONE 0.1s

#11 [builder 7/7] RUN npm run build
#11 0.502 
#11 0.502 > semillero-4.0@1.0.0 build
#11 0.502 > vite build
#11 0.502 
#11 0.797 vite v4.5.14 building for production...
#11 0.833 transforming...
#11 3.701 ✓ 54 modules transformed.
#11 3.952 rendering chunks...
#11 4.173 computing gzip size...
#11 4.196 dist/index.html                                     0.69 kB │ gzip:   0.44 kB
#11 4.196 dist/assets/CARLOSMARIO-d14686c2.jpg            1,187.45 kB
#11 4.197 
#11 4.197 (!) Some chunks are larger than 500 kBs after minification. Consider:
#11 4.197 - Using dynamic import() to code-split the application
#11 4.197 - Use build.rollupOptions.output.manualChunks to improve chunking: https://rollupjs.org/configuration-options/#output-manualchunks
#11 4.197 - Adjust chunk size limit for this warning via build.chunkSizeWarningLimit.
#11 4.199 dist/assets/Estefanía Martínez-4055318d.jpg     1,262.27 kB
#11 4.199 dist/assets/Miguel_Agudelo2-f60a6d50.jpg        1,278.24 kB
#11 4.199 dist/assets/Estefanía Martínez2-ef3d37cb.jpg    1,286.73 kB
#11 4.199 dist/assets/CARLOSMARIO2-6f5c1bad.jpg           1,381.38 kB
#11 4.199 dist/assets/Katherine Mora-a93d79cf.jpg         1,389.41 kB
#11 4.199 dist/assets/María_José_Gutierrez-f472a863.jpg   1,433.96 kB
#11 4.199 dist/assets/Maria_Jose_Gutierrez2-7fe8be8e.jpg  1,442.95 kB
#11 4.199 dist/assets/MARIAFERNANDAGIRALDO2-da30cf92.jpg  1,444.86 kB
#11 4.199 dist/assets/MARIAFERNANDAGIRALDO-c8e1574f.jpg   1,452.00 kB
#11 4.199 dist/assets/Katherine Mora2-32cdcc78.jpg        1,462.91 kB
#11 4.199 dist/assets/FELIPERODRIGUEZ2-105d2cb0.jpg       1,481.60 kB
#11 4.199 dist/assets/Miguel_Agudelo-815ce904.jpg         1,522.24 kB
#11 4.199 dist/assets/Alejandro Ortegon-33f7c3d4.jpg      1,528.69 kB
#11 4.199 dist/assets/Felipe Rodriguez-0c8c2bc2.jpg       1,546.23 kB
#11 4.199 dist/assets/Delio Palacios-adf6905c.jpg         1,599.51 kB
#11 4.199 dist/assets/Delio Palacios2-67aefe45.jpg        1,608.28 kB
#11 4.199 dist/assets/Alejandro Ortegon2-625f5bd0.jpg     1,683.87 kB
#11 4.199 dist/assets/ANABAUTISTA2-4806d03d.jpg           2,014.85 kB
#11 4.199 dist/assets/ANABAUTISTA-cd98a1a0.jpg            2,845.21 kB
#11 4.199 dist/assets/fotogrupal-4b662cc7.jpg             5,164.52 kB
#11 4.199 dist/assets/index-0a57b12c.css                      2.88 kB │ gzip:   0.99 kB
#11 4.199 dist/assets/Admin-a74f839e.js                      11.35 kB │ gzip:   2.51 kB
#11 4.199 dist/assets/index-9505767b.js                     644.50 kB │ gzip: 175.24 kB
#11 4.199 ✓ built in 3.40s
#11 DONE 4.3s

#6 [builder 2/7] WORKDIR /app
#6 CACHED

#12 [runtime 3/7] COPY --from=builder /app/dist ./dist
#12 DONE 0.1s

#13 [runtime 4/7] COPY --from=builder /app/server ./server
#13 DONE 0.1s

#14 [runtime 5/7] COPY --from=builder /app/server/package*.json ./server/
#14 DONE 0.1s

#15 [runtime 6/7] WORKDIR /app/server
#15 DONE 0.1s

#16 [runtime 7/7] RUN npm ci --only=production
#16 0.463 npm warn config only Use `--omit=dev` to omit dev dependencies from the install.
#16 1.953 npm warn deprecated rimraf@3.0.2: Rimraf versions prior to v4 are no longer supported
#16 1.973 npm warn deprecated npmlog@5.0.1: This package is no longer supported.
#16 2.010 npm warn deprecated inflight@1.0.6: This module is not supported, and leaks memory. Do not use it. Check out lru-cache if you want a good and tested way to coalesce async requests by a key value, which is much more comprehensive and powerful.
#16 2.123 npm warn deprecated tar@6.2.1: Old versions of tar are not supported, and contain widely publicized security vulnerabilities, which have been fixed in the current version. Please update. Support for old versions may be purchased (at exorbitant rates) by contacting i@izs.me
#16 2.128 npm warn deprecated multer@1.4.5-lts.2: Multer 1.x is impacted by a number of vulnerabilities, which have been patched in 2.x. You should upgrade to the latest 2.x version.
#16 2.212 npm warn deprecated gauge@3.0.2: This package is no longer supported.
#16 2.256 npm warn deprecated are-we-there-yet@2.0.0: This package is no longer supported.
#16 2.267 npm warn deprecated glob@7.2.3: Old versions of glob are not supported, and contain widely publicized security vulnerabilities, which have been fixed in the current version. Please update. Support for old versions may be purchased (at exorbitant rates) by contacting i@izs.me
#16 3.062 
#16 3.062 added 146 packages, and audited 147 packages in 3s
#16 3.063 
#16 3.063 21 packages are looking for funding
#16 3.063   run `npm fund` for details
#16 3.070 
#16 3.070 3 high severity vulnerabilities
#16 3.070 
#16 3.070 To address all issues (including breaking changes), run:
#16 3.070   npm audit fix --force
#16 3.070 
#16 3.070 Run `npm audit` for details.
#16 3.072 npm notice
#16 3.072 npm notice New major version of npm available! 10.8.2 -> 11.15.0
#16 3.072 npm notice Changelog: https://github.com/npm/cli/releases/tag/v11.15.0
#16 3.072 npm notice To update run: npm install -g npm@11.15.0
#16 3.072 npm notice
#16 DONE 3.2s

#17 exporting to image
#17 exporting layers
#17 exporting layers 0.3s done
#17 writing image sha256:c681ef81ac6afeb80b8b51a939ac9ea9ab1afa53273bb0e4b9a8f02a32781ecb done
#17 naming to docker.io/library/semillero_semillero done
#17 DONE 0.3s
[2026-05-26 16:15:01] build OK
30ed33a0bb0008f93d94c359bf3a3bb0fe4500596f8f38349c3355d80f616c49
[2026-05-26 16:15:01] Despliegue completado.
From https://github.com/anabautista18/SEMILLERO
 * branch            main       -> FETCH_HEAD
[2026-05-26 16:16:50] Sin cambios. (commit: )
From https://github.com/anabautista18/SEMILLERO
 * branch            main       -> FETCH_HEAD
   59fb7c7..b325e49  main       -> origin/main
[2026-05-26 16:17:02] Cambios detectados (1 commit(s) nuevos en GitHub -> b325e49f). Desplegando...
Saved working directory and index state WIP on main: 557ef53 Merge branch 'main' of https://github.com/anabautista18/SEMILLERO
From https://github.com/anabautista18/SEMILLERO
 * branch            main       -> FETCH_HEAD
Merge made by the 'ort' strategy.
 src/components/Footer.jsx | 2 +-
 1 file changed, 1 insertion(+), 1 deletion(-)
[2026-05-26 16:17:02] git pull OK
semillero_app
semillero_app
#0 building with "default" instance using docker driver

#1 [internal] load build definition from Dockerfile
#1 transferring dockerfile: 545B done
#1 DONE 0.0s

#2 [internal] load metadata for docker.io/library/node:20-alpine
#2 DONE 0.0s

#3 [internal] load .dockerignore
#3 transferring context: 150B done
#3 DONE 0.0s

#4 [builder 1/7] FROM docker.io/library/node:20-alpine
#4 DONE 0.0s

#5 [internal] load build context
#5 transferring context: 69.07kB done
#5 DONE 0.0s

#6 [builder 2/7] WORKDIR /app
#6 CACHED

#7 [builder 3/7] COPY package*.json ./
#7 CACHED

#8 [builder 4/7] COPY server/package*.json ./server/
#8 CACHED

#9 [builder 5/7] RUN npm ci
#9 CACHED

#10 [builder 6/7] COPY . .
#10 DONE 0.1s

#11 [builder 7/7] RUN npm run build
#11 0.436 
#11 0.436 > semillero-4.0@1.0.0 build
#11 0.436 > vite build
#11 0.436 
#11 0.700 vite v4.5.14 building for production...
#11 0.734 transforming...
#11 3.565 ✓ 54 modules transformed.
#11 3.807 rendering chunks...
#11 4.015 computing gzip size...
#11 4.043 dist/index.html                                     0.69 kB │ gzip:   0.44 kB
#11 4.043 dist/assets/CARLOSMARIO-d14686c2.jpg            1,187.45 kB
#11 4.043 dist/assets/Estefanía Martínez-4055318d.jpg     1,262.27 kB
#11 4.044 dist/assets/Miguel_Agudelo2-f60a6d50.jpg        1,278.24 kB
#11 4.044 dist/assets/Estefanía Martínez2-ef3d37cb.jpg    1,286.73 kB
#11 4.044 dist/assets/CARLOSMARIO2-6f5c1bad.jpg           1,381.38 kB
#11 4.044 dist/assets/Katherine Mora-a93d79cf.jpg         1,389.41 kB
#11 4.044 dist/assets/María_José_Gutierrez-f472a863.jpg   1,433.96 kB
#11 4.044 dist/assets/Maria_Jose_Gutierrez2-7fe8be8e.jpg  1,442.95 kB
#11 4.044 dist/assets/MARIAFERNANDAGIRALDO2-da30cf92.jpg  1,444.86 kB
#11 4.044 dist/assets/MARIAFERNANDAGIRALDO-c8e1574f.jpg   1,452.00 kB
#11 4.044 dist/assets/Katherine Mora2-32cdcc78.jpg        1,462.91 kB
#11 4.044 dist/assets/FELIPERODRIGUEZ2-105d2cb0.jpg       1,481.60 kB
#11 4.044 dist/assets/Miguel_Agudelo-815ce904.jpg         1,522.24 kB
#11 4.044 dist/assets/Alejandro Ortegon-33f7c3d4.jpg      1,528.69 kB
#11 4.044 dist/assets/Felipe Rodriguez-0c8c2bc2.jpg       1,546.23 kB
#11 4.044 dist/assets/Delio Palacios-adf6905c.jpg         1,599.51 kB
#11 4.044 dist/assets/Delio Palacios2-67aefe45.jpg        1,608.28 kB
#11 4.044 dist/assets/Alejandro Ortegon2-625f5bd0.jpg     1,683.87 kB
#11 4.044 dist/assets/ANABAUTISTA2-4806d03d.jpg           2,014.85 kB
#11 4.044 dist/assets/ANABAUTISTA-cd98a1a0.jpg            2,845.21 kB
#11 4.044 dist/assets/fotogrupal-4b662cc7.jpg             5,164.52 kB
#11 4.044 dist/assets/index-0a57b12c.css                      2.88 kB │ gzip:   0.99 kB
#11 4.045 dist/assets/Admin-d138416b.js                      11.35 kB │ gzip:   2.50 kB
#11 4.045 dist/assets/index-06fb045e.js                     644.55 kB │ gzip: 175.26 kB
#11 4.045 
#11 4.045 (!) Some chunks are larger than 500 kBs after minification. Consider:
#11 4.045 - Using dynamic import() to code-split the application
#11 4.045 - Use build.rollupOptions.output.manualChunks to improve chunking: https://rollupjs.org/configuration-options/#output-manualchunks
#11 4.045 - Adjust chunk size limit for this warning via build.chunkSizeWarningLimit.
#11 4.048 ✓ built in 3.35s
#11 DONE 4.2s

#6 [builder 2/7] WORKDIR /app
#6 CACHED

#12 [runtime 3/7] COPY --from=builder /app/dist ./dist
#12 DONE 0.2s

#13 [runtime 4/7] COPY --from=builder /app/server ./server
#13 DONE 0.1s

#14 [runtime 5/7] COPY --from=builder /app/server/package*.json ./server/
#14 DONE 0.1s

#15 [runtime 6/7] WORKDIR /app/server
#15 DONE 0.1s

#16 [runtime 7/7] RUN npm ci --only=production
#16 0.476 npm warn config only Use `--omit=dev` to omit dev dependencies from the install.
#16 1.744 npm warn deprecated rimraf@3.0.2: Rimraf versions prior to v4 are no longer supported
#16 1.775 npm warn deprecated multer@1.4.5-lts.2: Multer 1.x is impacted by a number of vulnerabilities, which have been patched in 2.x. You should upgrade to the latest 2.x version.
#16 1.870 npm warn deprecated inflight@1.0.6: This module is not supported, and leaks memory. Do not use it. Check out lru-cache if you want a good and tested way to coalesce async requests by a key value, which is much more comprehensive and powerful.
#16 1.944 npm warn deprecated npmlog@5.0.1: This package is no longer supported.
#16 1.965 npm warn deprecated glob@7.2.3: Old versions of glob are not supported, and contain widely publicized security vulnerabilities, which have been fixed in the current version. Please update. Support for old versions may be purchased (at exorbitant rates) by contacting i@izs.me
#16 2.112 npm warn deprecated are-we-there-yet@2.0.0: This package is no longer supported.
#16 2.131 npm warn deprecated gauge@3.0.2: This package is no longer supported.
#16 2.152 npm warn deprecated tar@6.2.1: Old versions of tar are not supported, and contain widely publicized security vulnerabilities, which have been fixed in the current version. Please update. Support for old versions may be purchased (at exorbitant rates) by contacting i@izs.me
#16 2.954 
#16 2.954 added 146 packages, and audited 147 packages in 3s
#16 2.954 
#16 2.954 21 packages are looking for funding
#16 2.954   run `npm fund` for details
#16 2.958 
#16 2.958 3 high severity vulnerabilities
#16 2.958 
#16 2.958 To address all issues (including breaking changes), run:
#16 2.958   npm audit fix --force
#16 2.958 
#16 2.958 Run `npm audit` for details.
#16 2.959 npm notice
#16 2.959 npm notice New major version of npm available! 10.8.2 -> 11.15.0
#16 2.959 npm notice Changelog: https://github.com/npm/cli/releases/tag/v11.15.0
#16 2.959 npm notice To update run: npm install -g npm@11.15.0
#16 2.959 npm notice
#16 DONE 3.1s

#17 exporting to image
#17 exporting layers
#17 exporting layers 0.3s done
#17 writing image sha256:08650ed0e4f929ed4dcdbc5bd66bd362c8a55b0dd8da47d1c92b58243446e7c0 done
#17 naming to docker.io/library/semillero_semillero done
#17 DONE 0.3s
[2026-05-26 16:17:21] build OK
3d4641e020fc8da78b74979e7748f5f7468c781e19ece539738d4da7be780bff
[2026-05-26 16:17:22] Despliegue completado.
nohup: ignoring input
From https://github.com/anabautista18/SEMILLERO
 * branch            main       -> FETCH_HEAD
[2026-05-26 16:18:54] Sin cambios. (commit: )
